{
  "Alerts": {
    "foo": {},
    "text": {}
  },
  "Checks": {
    "defaults": {
      "Name": "defaults",
      "Type": "debug.random",
      "Config": {
        "Alerts": [
          "text"
        ],
        "Groups": [],
        "Interval": 90000000000,
        "Timeout": 20000000000,
        "Reminder": 0,
        "GoodThreshold": 3,
        "FailingThreshold": 2
      },
      "Check": {
        "PercentGood": 0.5
      },
      "LastRun": "0001-01-01T00:00:00Z",
      "LastAlertTime": "0001-01-01T00:00:00Z",
      "Scheduled": false,
      "Settled": false,
      "State": "indeterminate",
      "Suspended": false,
      "History": [
        null,
        null,
        null,
        null,
        null,
        null,
        null,
        null,
        null,
        null
      ]
    },
    "override1": {
      "Name": "override1",
      "Type": "debug.random",
      "Config": {
        "Alerts": [
          "foo"
        ],
        "Groups": [],
        "Interval": 2000000000,
        "Timeout": 20000000000,
        "Reminder": 0,
        "GoodThreshold": 3,
        "FailingThreshold": 2
      },
      "Check": {
        "PercentGood": 0.5
      },
      "LastRun": "0001-01-01T00:00:00Z",
      "LastAlertTime": "0001-01-01T00:00:00Z",
      "Scheduled": false,
      "Settled": false,
      "State": "indeterminate",
      "Suspended": false,
      "History": [
        null,
        null,
        null,
        null,
        null,
        null,
        null,
        null,
        null,
        null
      ]
    },
    "override2": {
      "Name": "override2",
      "Type": "debug.random",
      "Config": {
        "Alerts": [
          "text"
        ],
        "Groups": [],
        "Interval": 3000000000,
        "Timeout": 20000000000,
        "Reminder": 0,
        "GoodThreshold": 5,
        "FailingThreshold": 6
      },
      "Check": {
        "PercentGood": 0.5
      },
      "LastRun": "0001-01-01T00:00:00Z",
      "LastAlertTime": "0001-01-01T00:00:00Z",
      "Scheduled": false,
      "Settled": false,
      "State": "indeterminate",
      "Suspended": false,
      "History": [
        null,
        null,
        null,
        null,
        null,
        null,
        null,
        null,
        null,
        null
      ]
    }
  },
  "Groups": {}
}